
> gestao-de-tarefas@0.1.0 build
> next build

Ôû▓ Next.js 16.1.2 (Turbopack)
- Environments: .env

node.exe : ÔÜá The "middleware" file convention is deprecated. 
Please use "proxy" instead. Learn more: 
https://nextjs.org/docs/messages/middleware-to-proxy
No linha:1 caractere:1
+ & "C:\Program Files\nodejs/node.exe" "C:\Program 
Files\nodejs/node_mo ...
+ ~~~~~~~~~~~~~~~~~~~~~~~~~~~~~~~~~~~~~~~~~~~~~~~~~~~~~~~~~~~~~~~
~~~~~~
    + CategoryInfo          : NotSpecified: (ÔÜá The "middle...l 
   eware-to-proxy:String) [], RemoteException
    + FullyQualifiedErrorId : NativeCommandError
 
  Creating an optimized production build ...
Ô£ô Compiled successfully in 12.8s
  Running TypeScript ...
Failed to compile.

./app/api/tasks/route.ts:111:66
Type error: Type 'number' is not assignable to type 'string'.

[0m [90m 109 |[39m
 [90m 110 |[39m         [90m// Ensure ownership[39m
[31m[1m>[22m[39m[90m 111 |[39m         [36mconst[39m 
existing [33m=[39m [36mawait[39m 
prisma[33m.[39mtask[33m.[39mfindUnique({ where[33m:[39m { 
id[33m:[39m [33mNumber[39m(id) } })[33m;[39m [90m// Task 
ID is string uuid in schema but cast to Number here? Schema says 
String @id @default(uuid()).[39m
 [90m     |[39m                                                
                  [31m[1m^[22m[39m
 [90m 112 |[39m         [90m// Wait, schema says `id String 
@id @default(uuid())`.[39m
 [90m 113 |[39m         [90m// The original code was `where: 
{ id: Number(id) }`. That looks like a bug in the original code 
if it was UUID, or the schema I read was correct.[39m
 [90m 114 |[39m         [90m// Let's re-read schema.[39m[0m
Next.js build worker exited with code: 1 and signal: null
